// Jest Snapshot v1, https://goo.gl/fbAQLP

exports[`testing <LoginPage /> should match the snapshot 1`] = `
Object {
  "asFragment": [Function],
  "baseElement": <body>
    <div>
      <div
        class="login center"
      >
        <img
          alt="Would You Rather"
          src="./hero.png"
          width="300px"
        />
        <h3>
          Employee Polls
        </h3>
        <form
          data-testid="login-form"
        >
          <div>
            <input
              data-testid="id-input"
              placeholder="id"
              type="text"
              value=""
            />
          </div>
          <div>
            <input
              data-testid="pw-input"
              placeholder="password"
              type="password"
              value=""
            />
          </div>
          <button
            class="btn"
            disabled=""
            type="submit"
          >
            Log In
          </button>
        </form>
      </div>
    </div>
  </body>,
  "container": <div>
    <div
      class="login center"
    >
      <img
        alt="Would You Rather"
        src="./hero.png"
        width="300px"
      />
      <h3>
        Employee Polls
      </h3>
      <form
        data-testid="login-form"
      >
        <div>
          <input
            data-testid="id-input"
            placeholder="id"
            type="text"
            value=""
          />
        </div>
        <div>
          <input
            data-testid="pw-input"
            placeholder="password"
            type="password"
            value=""
          />
        </div>
        <button
          class="btn"
          disabled=""
          type="submit"
        >
          Log In
        </button>
      </form>
    </div>
  </div>,
  "debug": [Function],
  "findAllByAltText": [Function],
  "findAllByDisplayValue": [Function],
  "findAllByLabelText": [Function],
  "findAllByPlaceholderText": [Function],
  "findAllByRole": [Function],
  "findAllByTestId": [Function],
  "findAllByText": [Function],
  "findAllByTitle": [Function],
  "findByAltText": [Function],
  "findByDisplayValue": [Function],
  "findByLabelText": [Function],
  "findByPlaceholderText": [Function],
  "findByRole": [Function],
  "findByTestId": [Function],
  "findByText": [Function],
  "findByTitle": [Function],
  "getAllByAltText": [Function],
  "getAllByDisplayValue": [Function],
  "getAllByLabelText": [Function],
  "getAllByPlaceholderText": [Function],
  "getAllByRole": [Function],
  "getAllByTestId": [Function],
  "getAllByText": [Function],
  "getAllByTitle": [Function],
  "getByAltText": [Function],
  "getByDisplayValue": [Function],
  "getByLabelText": [Function],
  "getByPlaceholderText": [Function],
  "getByRole": [Function],
  "getByTestId": [Function],
  "getByText": [Function],
  "getByTitle": [Function],
  "queryAllByAltText": [Function],
  "queryAllByDisplayValue": [Function],
  "queryAllByLabelText": [Function],
  "queryAllByPlaceholderText": [Function],
  "queryAllByRole": [Function],
  "queryAllByTestId": [Function],
  "queryAllByText": [Function],
  "queryAllByTitle": [Function],
  "queryByAltText": [Function],
  "queryByDisplayValue": [Function],
  "queryByLabelText": [Function],
  "queryByPlaceholderText": [Function],
  "queryByRole": [Function],
  "queryByTestId": [Function],
  "queryByText": [Function],
  "queryByTitle": [Function],
  "rerender": [Function],
  "unmount": [Function],
}
`;
